C51 COMPILER V9.54   LIANXI1                                                               03/03/2025 20:47:40 PAGE 1   


C51 COMPILER V9.54, COMPILATION OF MODULE LIANXI1
OBJECT MODULE PLACED IN .\Objects\lianxi1.obj
COMPILER INVOKED BY: F:\Keil\C51\BIN\C51.EXE lianxi1.c OPTIMIZE(8,SPEED) BROWSE DEBUG OBJECTEXTEND PRINT(.\Listings\lian
                    -xi1.lst) TABS(2) OBJECT(.\Objects\lianxi1.obj)

line level    source

   1          #include<reg51.h>
   2          
   3          sbit button = P0^1;
   4          
   5          void main()
   6          {
   7   1        button = 1;
   8   1        while(1){
   9   2          if(button == 1)
  10   2            P1 = 0XFF;
  11   2          else
  12   2            P1 = 0X00;
  13   2        }
  14   1      }


MODULE INFORMATION:   STATIC OVERLAYABLE
   CODE SIZE        =     15    ----
   CONSTANT SIZE    =   ----    ----
   XDATA SIZE       =   ----    ----
   PDATA SIZE       =   ----    ----
   DATA SIZE        =   ----    ----
   IDATA SIZE       =   ----    ----
   BIT SIZE         =   ----    ----
END OF MODULE INFORMATION.


C51 COMPILATION COMPLETE.  0 WARNING(S),  0 ERROR(S)
