C51 COMPILER V9.54   LIANXI3                                                               03/17/2025 20:34:44 PAGE 1   


C51 COMPILER V9.54, COMPILATION OF MODULE LIANXI3
OBJECT MODULE PLACED IN .\Objects\lianxi3.obj
COMPILER INVOKED BY: F:\Keil\C51\BIN\C51.EXE lianxi3.c OPTIMIZE(8,SPEED) BROWSE DEBUG OBJECTEXTEND PRINT(.\Listings\lian
                    -xi3.lst) TABS(2) OBJECT(.\Objects\lianxi3.obj)

line level    source

   1          #include<reg51.h>
   2          
   3          unsigned char tube[] = {0x3f,0x06,0x5b,0x4f,0x66,0x6d,0x7d,0x07,0x7f,0x6f};
   4          
   5          void delay(unsigned int t)
   6          {
   7   1        while(t--);
   8   1      }
   9          
  10          unsigned int m = 9427;
  11          
  12          void main()
  13          {
  14   1        while(1)
  15   1        {
  16   2          P3 = 0x0e;
  17   2          P2 = tube[m/1000];
  18   2          delay(500);
  19   2          
  20   2          P3 = 0x0d;
  21   2          P2 = tube[m%1000/100];
  22   2          delay(500);
  23   2          
  24   2          P3 = 0x0b;
  25   2          P2 = tube[m%100/10];
  26   2          delay(500);
  27   2          
  28   2          P3 = 0x07;
  29   2          P2 = tube[m%10];
  30   2          delay(500);
  31   2        }
  32   1      }


MODULE INFORMATION:   STATIC OVERLAYABLE
   CODE SIZE        =    108    ----
   CONSTANT SIZE    =   ----    ----
   XDATA SIZE       =   ----    ----
   PDATA SIZE       =   ----    ----
   DATA SIZE        =     12    ----
   IDATA SIZE       =   ----    ----
   BIT SIZE         =   ----    ----
END OF MODULE INFORMATION.


C51 COMPILATION COMPLETE.  0 WARNING(S),  0 ERROR(S)
